
> frontend@0.1.0 start
> react-scripts start

(node:3209) [DEP_WEBPACK_DEV_SERVER_ON_AFTER_SETUP_MIDDLEWARE] DeprecationWarning: 'onAfterSetupMiddleware' option is deprecated. Please use the 'setupMiddlewares' option.
(Use `node --trace-deprecation ...` to show where the warning was created)
(node:3209) [DEP_WEBPACK_DEV_SERVER_ON_BEFORE_SETUP_MIDDLEWARE] DeprecationWarning: 'onBeforeSetupMiddleware' option is deprecated. Please use the 'setupMiddlewares' option.
Starting the development server...

Compiled with warnings.

[eslint]
src/actions/productActions.js
  Line 21:3:  'query' is defined but never used    no-unused-vars
  Line 22:3:  'orderBy' is defined but never used  no-unused-vars

src/screens/DealLocationScreen.js
  Line 3:46:  'Card' is defined but never used  no-unused-vars

Search for the keywords to learn more about each warning.
To ignore, add // eslint-disable-next-line to the line before.

WARNING in [eslint]
src/actions/productActions.js
  Line 21:3:  'query' is defined but never used    no-unused-vars
  Line 22:3:  'orderBy' is defined but never used  no-unused-vars

src/screens/DealLocationScreen.js
  Line 3:46:  'Card' is defined but never used  no-unused-vars

webpack compiled with 1 warning
